// Jest Snapshot v1, https://goo.gl/fbAQLP

exports[`Storyshots ye-ui/atoms/Button Basic 1`] = `
<div>
  <button
    className=""
    type="button"
  >
    Button
  </button>
</div>
`;

exports[`Storyshots ye-ui/atoms/Button Dashed 1`] = `
<div>
  <button
    className=""
    type="button"
  >
    Button
  </button>
</div>
`;

exports[`Storyshots ye-ui/atoms/Button Outlined 1`] = `
<div>
  <button
    className=""
    type="button"
  >
    Button
  </button>
</div>
`;

exports[`Storyshots ye-ui/atoms/Button With Icon 1`] = `
<div>
  <button
    className=""
    type="button"
  >
    <span
      className=""
    >
      <svg
        fill="currentColor"
        height="1em"
        stroke="currentColor"
        strokeWidth="0"
        style={
          Object {
            "color": undefined,
          }
        }
        viewBox="0 0 512 512"
        width="1em"
        xmlns="http://www.w3.org/2000/svg"
      >
        <path
          d="M169 18v206c0 25.43 10.438 43.384 26.525 55.896C211.613 292.41 233.75 299 256 299s44.387-6.59 60.475-19.104C332.562 267.384 343 249.43 343 224V18H169zM80 32L28.027 93.102l116.586 125.015L80 32zm352 0l-64.613 186.117L483.973 93.102 432 32zm-240 7h128v18H192V39zm16 32h96v18h-96V71zm48 68.178c21.138 0 42.276 4.093 66.846 12.283l6.154 2.054V224c0 16-11.186 28.156-24.975 35.05-13.788 6.895-30.9 9.95-48.025 9.95s-34.237-3.055-48.025-9.95C194.185 252.157 183 240 183 224v-70.486l6.154-2.053c24.57-8.19 45.708-12.282 66.846-12.282zm0 17.644c-17.133 0-34.442 3.394-55 9.838V224c0 8 4.814 13.844 15.025 18.95 10.212 5.105 25.1 8.05 39.975 8.05s29.763-2.945 39.975-8.05C306.185 237.843 311 232 311 224v-57.34c-20.558-6.444-37.867-9.838-55-9.838zm-237.104 24.07l2.81 36.522 99.028 14.75-101.838-51.27zm474.208 0l-101.838 51.272 99.03-14.75 2.808-36.52zm-340.317 61.762a168.22 168.22 0 0 0-10.807 4.983C113.406 262.11 98 280.863 98 299.417c0 18.556 15.406 37.308 43.98 51.78C170.555 365.67 211.116 375 256 375s85.445-9.33 114.02-23.803c28.574-14.472 43.98-33.224 43.98-51.78 0-18.554-15.406-37.308-43.98-51.78a168.22 168.22 0 0 0-10.807-4.983c-4.294 21.785-16.024 39.266-31.688 51.45C307.613 309.59 281.75 317 256 317c-25.75 0-51.613-7.41-71.525-22.896-15.664-12.184-27.394-29.665-31.688-51.45zm279.176 67.657v53.108c0 18.27-9.684 35.238-25.434 49.057-15.75 13.818-37.74 24.997-64.526 32.832-53.573 15.668-118.452 15.668-172.025 0-26.788-7.835-48.777-19.014-64.527-32.832-15.586-13.676-25.227-30.438-25.426-48.49h-.18v-53.58C40.076 330.146 18 355.583 18 381.006c0 26.53 24.032 53.084 67.143 73.155C128.253 474.23 188.925 487 256 487s127.747-12.77 170.857-32.84C469.967 434.09 494 407.535 494 381.004c0-25.463-22.147-50.94-62.037-70.693zm-334.117 30.8v22.308h.172c0 11.95 6.228 24.05 19.306 35.525 13.078 11.475 32.832 21.81 57.707 29.086 49.75 14.55 112.17 14.55 161.92 0 24.876-7.276 44.63-17.612 57.708-29.087 13.078-11.475 19.305-23.575 19.305-35.525V341.32c-9.224 9.965-21.516 18.697-35.81 25.936C346.288 383.396 303.35 393 256 393s-90.287-9.604-122.154-25.744c-14.393-7.29-26.756-16.093-36-26.145z"
        />
      </svg>
    </span>
    Button
  </button>
</div>
`;

exports[`Storyshots ye-ui/atoms/Image Basic 1`] = `
<div>
  <div
    style={
      Object {
        "width": 240,
      }
    }
  >
    <div
      className=""
      style={Object {}}
    >
      <img
        className=""
        src="test-file-stub"
      />
    </div>
  </div>
</div>
`;

exports[`Storyshots ye-ui/atoms/Image Circular 1`] = `
<div>
  <div
    style={
      Object {
        "width": 240,
      }
    }
  >
    <div
      className=""
      style={Object {}}
    >
      <img
        className=""
        src="test-file-stub"
      />
    </div>
  </div>
</div>
`;

exports[`Storyshots ye-ui/atoms/Image Custom Ratio 1`] = `
<div>
  <div
    style={
      Object {
        "width": 240,
      }
    }
  >
    <div
      className="undefined"
      style={
        Object {
          "paddingBottom": "56.25%",
        }
      }
    >
      <img
        className=""
        src="test-file-stub"
      />
    </div>
  </div>
</div>
`;

exports[`Storyshots ye-ui/atoms/TextInput Basic 1`] = `
<div>
  <div
    style={
      Object {
        "width": 240,
      }
    }
  >
    <div
      className=""
    >
      <input
        className=""
        onBlur={[Function]}
        onFocus={[Function]}
        placeholder="Enter your text"
        type="text"
      />
    </div>
  </div>
</div>
`;

exports[`Storyshots ye-ui/atoms/TextInput Dashed 1`] = `
<div>
  <div
    style={
      Object {
        "width": 240,
      }
    }
  >
    <div
      className=""
    >
      <input
        className=""
        onBlur={[Function]}
        onFocus={[Function]}
        placeholder="Enter your text"
        type="text"
      />
    </div>
  </div>
</div>
`;

exports[`Storyshots ye-ui/atoms/TextInput Outlined 1`] = `
<div>
  <div
    style={
      Object {
        "width": 240,
      }
    }
  >
    <div
      className=""
    >
      <input
        className=""
        onBlur={[Function]}
        onFocus={[Function]}
        placeholder="Enter your text"
        type="text"
      />
    </div>
  </div>
</div>
`;

exports[`Storyshots ye-ui/atoms/TextInput With Icon 1`] = `
<div>
  <div
    style={
      Object {
        "width": 240,
      }
    }
  >
    <div
      className=""
    >
      <span
        className=""
      >
        <span
          className=""
        >
          <svg
            fill="currentColor"
            height="1em"
            stroke="currentColor"
            strokeWidth="0"
            style={
              Object {
                "color": undefined,
              }
            }
            viewBox="0 0 1024 1024"
            width="1em"
            xmlns="http://www.w3.org/2000/svg"
          >
            <path
              d="M909.6 854.5L649.9 594.8C690.2 542.7 712 479 712 412c0-80.2-31.3-155.4-87.9-212.1-56.6-56.7-132-87.9-212.1-87.9s-155.5 31.3-212.1 87.9C143.2 256.5 112 331.8 112 412c0 80.1 31.3 155.5 87.9 212.1C256.5 680.8 331.8 712 412 712c67 0 130.6-21.8 182.7-62l259.7 259.6a8.2 8.2 0 0 0 11.6 0l43.6-43.5a8.2 8.2 0 0 0 0-11.6zM570.4 570.4C528 612.7 471.8 636 412 636s-116-23.3-158.4-65.6C211.3 528 188 471.8 188 412s23.3-116.1 65.6-158.4C296 211.3 352.2 188 412 188s116.1 23.2 158.4 65.6S636 352.2 636 412s-23.3 116.1-65.6 158.4z"
            />
          </svg>
        </span>
      </span>
      <input
        className=""
        onBlur={[Function]}
        onFocus={[Function]}
        placeholder="Enter your text"
        type="text"
      />
    </div>
  </div>
</div>
`;

exports[`Storyshots ye-ui/sections/Card Basic 1`] = `
<div>
  <div
    style={
      Object {
        "width": 240,
      }
    }
  >
    <div>
      Card content
    </div>
  </div>
</div>
`;

exports[`Storyshots ye-ui/sections/Card Borderless 1`] = `
<div>
  <div
    style={
      Object {
        "width": 240,
      }
    }
  >
    <div>
      Card content
    </div>
  </div>
</div>
`;

exports[`Storyshots ye-ui/sections/Card With Image 1`] = `
<div>
  <div
    style={
      Object {
        "width": 240,
      }
    }
  >
    <div>
      <div>
        <div
          style={
            Object {
              "width": 240,
            }
          }
        >
          <div
            className=""
            style={Object {}}
          >
            <img
              className=""
              src="test-file-stub"
            />
          </div>
        </div>
      </div>
      Card content
    </div>
  </div>
</div>
`;

exports[`Storyshots ye-ui/structures/Hero Basic 1`] = `
<div>
  <div
    className=""
  >
    <div
      className=""
    >
      <h1
        className=""
      >
        Your Own Hero Ro Ro
      </h1>
      <div>
        <div
          className=""
        >
          <span
            className=""
          >
            <span
              className=""
            >
              <svg
                fill="currentColor"
                height="1em"
                stroke="currentColor"
                strokeWidth="0"
                style={
                  Object {
                    "color": undefined,
                  }
                }
                viewBox="0 0 1024 1024"
                width="1em"
                xmlns="http://www.w3.org/2000/svg"
              >
                <path
                  d="M909.6 854.5L649.9 594.8C690.2 542.7 712 479 712 412c0-80.2-31.3-155.4-87.9-212.1-56.6-56.7-132-87.9-212.1-87.9s-155.5 31.3-212.1 87.9C143.2 256.5 112 331.8 112 412c0 80.1 31.3 155.5 87.9 212.1C256.5 680.8 331.8 712 412 712c67 0 130.6-21.8 182.7-62l259.7 259.6a8.2 8.2 0 0 0 11.6 0l43.6-43.5a8.2 8.2 0 0 0 0-11.6zM570.4 570.4C528 612.7 471.8 636 412 636s-116-23.3-158.4-65.6C211.3 528 188 471.8 188 412s23.3-116.1 65.6-158.4C296 211.3 352.2 188 412 188s116.1 23.2 158.4 65.6S636 352.2 636 412s-23.3 116.1-65.6 158.4z"
                />
              </svg>
            </span>
          </span>
          <input
            className=""
            onBlur={[Function]}
            onFocus={[Function]}
            placeholder="Search for shows, artists"
            type="text"
          />
        </div>
      </div>
    </div>
  </div>
</div>
`;

exports[`Storyshots ye-ui/structures/Sidenav Basic 1`] = `
<div>
  <div>
    <div
      className=""
    >
      <a
        className=""
        href="/"
      >
        <span
          className=""
        >
          <svg
            fill="currentColor"
            height="1em"
            stroke="currentColor"
            strokeWidth="0"
            style={
              Object {
                "color": undefined,
              }
            }
            viewBox="0 0 1024 1024"
            width="1em"
            xmlns="http://www.w3.org/2000/svg"
          >
            <path
              d="M946.5 505L560.1 118.8l-25.9-25.9a31.5 31.5 0 0 0-44.4 0L77.5 505a63.9 63.9 0 0 0-18.8 46c.4 35.2 29.7 63.3 64.9 63.3h42.5V940h691.8V614.3h43.4c17.1 0 33.2-6.7 45.3-18.8a63.6 63.6 0 0 0 18.7-45.3c0-17-6.7-33.1-18.8-45.2zM568 868H456V664h112v204zm217.9-325.7V868H632V640c0-22.1-17.9-40-40-40H432c-22.1 0-40 17.9-40 40v228H238.1V542.3h-96l370-369.7 23.1 23.1L882 542.3h-96.1z"
            />
          </svg>
        </span>
        Home
      </a>
      <a
        className=""
        href="/"
      >
        <span
          className=""
        >
          <svg
            fill="currentColor"
            height="1em"
            stroke="currentColor"
            strokeWidth="0"
            style={
              Object {
                "color": undefined,
              }
            }
            viewBox="0 0 1024 1024"
            width="1em"
            xmlns="http://www.w3.org/2000/svg"
          >
            <path
              d="M632 888H392c-4.4 0-8 3.6-8 8v32c0 17.7 14.3 32 32 32h192c17.7 0 32-14.3 32-32v-32c0-4.4-3.6-8-8-8zM512 64c-181.1 0-328 146.9-328 328 0 121.4 66 227.4 164 284.1V792c0 17.7 14.3 32 32 32h264c17.7 0 32-14.3 32-32V676.1c98-56.7 164-162.7 164-284.1 0-181.1-146.9-328-328-328zm127.9 549.8L604 634.6V752H420V634.6l-35.9-20.8C305.4 568.3 256 484.5 256 392c0-141.4 114.6-256 256-256s256 114.6 256 256c0 92.5-49.4 176.3-128.1 221.8z"
            />
          </svg>
        </span>
        EarLy Originals
      </a>
    </div>
    <div
      className=""
    >
      <div
        className=""
      >
        Browse
      </div>
      <a
        className=""
        href="/"
      >
        <span
          className=""
        >
          <svg
            fill="currentColor"
            height="1em"
            stroke="currentColor"
            strokeWidth="0"
            style={
              Object {
                "color": undefined,
              }
            }
            viewBox="0 0 16 16"
            width="1em"
            xmlns="http://www.w3.org/2000/svg"
          >
            <path
              clipRule="evenodd"
              d="M8 9.5a1.5 1.5 0 100-3 1.5 1.5 0 000 3z"
              fillRule="evenodd"
            />
          </svg>
        </span>
        Shows
      </a>
      <a
        className=""
        href="/"
      >
        <span
          className=""
        >
          <svg
            fill="currentColor"
            height="1em"
            stroke="currentColor"
            strokeWidth="0"
            style={
              Object {
                "color": undefined,
              }
            }
            viewBox="0 0 16 16"
            width="1em"
            xmlns="http://www.w3.org/2000/svg"
          >
            <path
              clipRule="evenodd"
              d="M8 9.5a1.5 1.5 0 100-3 1.5 1.5 0 000 3z"
              fillRule="evenodd"
            />
          </svg>
        </span>
        Artists
      </a>
    </div>
  </div>
</div>
`;

exports[`Storyshots ye-ui/structures/Topnav Basic 1`] = `
<div>
  <div>
    <div>
      <svg
        fill="currentColor"
        height="1em"
        stroke="currentColor"
        strokeWidth="0"
        style={
          Object {
            "color": undefined,
          }
        }
        viewBox="0 0 512 512"
        width="1em"
        xmlns="http://www.w3.org/2000/svg"
      >
        <path
          d="M255.917 480a32.536 32.536 0 0 1-16.633-4.599l-52.985-32.44c-7.914-4.562-4.023-6.203-1.443-7.141 10.565-3.781 13.713-5.657 24.947-12.285 1.206-.667 2.747-.424 3.955.322l39.71 23.504c1.476.85 3.557.85 4.931 0l155.188-92.246c1.475-.877 2.415-2.646 2.415-4.441V163.869c0-1.85-.94-3.592-2.449-4.528l-155.12-94.672c-1.478-.894-3.421-.894-4.898 0L98.516 159.374c-1.544.903-2.516 2.698-2.516 4.495v186.805c0 1.813.972 3.513 2.481 4.389l39.929 23.972c23.61 12.204 37.59-.17 37.59-14.611V180.725c0-2.652 2.047-4.727 4.596-4.727h22.809c2.515 0 4.597 2.072 4.597 4.727v183.698c0 32.563-19.353 51.248-49.199 51.248-9.156 0-16.397 0-36.552-10.279l-41.584-24.781C70.371 374.459 64 362.965 64 350.656V161.191c0-12.316 6.371-23.784 16.665-29.917L239.35 36.41c10.027-5.88 23.374-5.88 33.332 0l158.65 94.864C441.63 137.423 448 148.899 448 161.191v189.465c0 12.309-6.37 23.75-16.668 29.953l-158.65 94.774a32.52 32.52 0 0 1-16.698 4.599l-.067.018z"
        />
        <path
          d="M304.943 351.998c-64.61 0-84.006-31.61-84.006-59.271 0-2.629 2.048-4.729 4.562-4.729h20.521c2.282 0 4.227 1.7 4.562 4.016 3.084 21.602 16.748 31.15 54.324 31.15 33.399 0 47.091-10.346 47.091-28.684 0-10.592-3.463-18.424-55.407-23.697-43.427-4.441-70.288-14.373-70.288-50.295 0-33.135 26.996-52.49 72.234-52.49 46.128 0 76.462 14 79.173 50.829.102 1.337-.368 2.629-1.241 3.644-.871.965-2.078 1.527-3.353 1.527h-20.591c-2.146 0-4.024-1.562-4.459-3.713-4.401-16.953-16.97-23.402-49.563-23.402-36.486 0-40.746 12.753-40.746 22.607 0 11.963 5.031 15.441 54.294 22.172 48.761 6.663 71.933 16.117 71.933 51.552 0 35.781-28.808 58.783-79.075 58.783l.035.001z"
        />
      </svg>
    </div>
    <div>
      <div
        className=""
      >
        <div
          className=""
        >
          <span
            className=""
          >
            <span
              className=""
            >
              <svg
                fill="currentColor"
                height="1em"
                stroke="currentColor"
                strokeWidth="0"
                style={
                  Object {
                    "color": undefined,
                  }
                }
                viewBox="0 0 1024 1024"
                width="1em"
                xmlns="http://www.w3.org/2000/svg"
              >
                <path
                  d="M909.6 854.5L649.9 594.8C690.2 542.7 712 479 712 412c0-80.2-31.3-155.4-87.9-212.1-56.6-56.7-132-87.9-212.1-87.9s-155.5 31.3-212.1 87.9C143.2 256.5 112 331.8 112 412c0 80.1 31.3 155.5 87.9 212.1C256.5 680.8 331.8 712 412 712c67 0 130.6-21.8 182.7-62l259.7 259.6a8.2 8.2 0 0 0 11.6 0l43.6-43.5a8.2 8.2 0 0 0 0-11.6zM570.4 570.4C528 612.7 471.8 636 412 636s-116-23.3-158.4-65.6C211.3 528 188 471.8 188 412s23.3-116.1 65.6-158.4C296 211.3 352.2 188 412 188s116.1 23.2 158.4 65.6S636 352.2 636 412s-23.3 116.1-65.6 158.4z"
                />
              </svg>
            </span>
          </span>
          <input
            className=""
            onBlur={[Function]}
            onFocus={[Function]}
            placeholder="Search Here"
            type="text"
          />
        </div>
      </div>
    </div>
    <div>
      <div
        className="undefined"
      >
        <button
          className=""
          type="button"
        >
          <span
            className=""
          >
            <svg
              fill="currentColor"
              height="1em"
              stroke="currentColor"
              strokeWidth="0"
              style={
                Object {
                  "color": undefined,
                }
              }
              viewBox="0 0 352 512"
              width="1em"
              xmlns="http://www.w3.org/2000/svg"
            >
              <path
                d="M336 192h-16c-8.84 0-16 7.16-16 16v48c0 74.8-64.49 134.82-140.79 127.38C96.71 376.89 48 317.11 48 250.3V208c0-8.84-7.16-16-16-16H16c-8.84 0-16 7.16-16 16v40.16c0 89.64 63.97 169.55 152 181.69V464H96c-8.84 0-16 7.16-16 16v16c0 8.84 7.16 16 16 16h160c8.84 0 16-7.16 16-16v-16c0-8.84-7.16-16-16-16h-56v-33.77C285.71 418.47 352 344.9 352 256v-48c0-8.84-7.16-16-16-16zM176 352c53.02 0 96-42.98 96-96h-85.33c-5.89 0-10.67-3.58-10.67-8v-16c0-4.42 4.78-8 10.67-8H272v-32h-85.33c-5.89 0-10.67-3.58-10.67-8v-16c0-4.42 4.78-8 10.67-8H272v-32h-85.33c-5.89 0-10.67-3.58-10.67-8v-16c0-4.42 4.78-8 10.67-8H272c0-53.02-42.98-96-96-96S80 42.98 80 96v160c0 53.02 42.98 96 96 96z"
              />
            </svg>
          </span>
          Studio
        </button>
      </div>
      <div
        className=""
      >
        <button
          className=""
          type="button"
        >
          <span
            className=""
          >
            <svg
              fill="currentColor"
              height="1em"
              stroke="currentColor"
              strokeWidth="0"
              style={
                Object {
                  "color": undefined,
                }
              }
              viewBox="0 0 1024 1024"
              width="1em"
              xmlns="http://www.w3.org/2000/svg"
            >
              <defs />
              <path
                d="M521.7 82c-152.5-.4-286.7 78.5-363.4 197.7-3.4 5.3.4 12.3 6.7 12.3h70.3c4.8 0 9.3-2.1 12.3-5.8 7-8.5 14.5-16.7 22.4-24.5 32.6-32.5 70.5-58.1 112.7-75.9 43.6-18.4 90-27.8 137.9-27.8 47.9 0 94.3 9.3 137.9 27.8 42.2 17.8 80.1 43.4 112.7 75.9 32.6 32.5 58.1 70.4 76 112.5C865.7 417.8 875 464.1 875 512c0 47.9-9.4 94.2-27.8 137.8-17.8 42.1-43.4 80-76 112.5s-70.5 58.1-112.7 75.9A352.8 352.8 0 0 1 520.6 866c-47.9 0-94.3-9.4-137.9-27.8A353.84 353.84 0 0 1 270 762.3c-7.9-7.9-15.3-16.1-22.4-24.5-3-3.7-7.6-5.8-12.3-5.8H165c-6.3 0-10.2 7-6.7 12.3C234.9 863.2 368.5 942 520.6 942c236.2 0 428-190.1 430.4-425.6C953.4 277.1 761.3 82.6 521.7 82zM395.02 624v-76h-314c-4.4 0-8-3.6-8-8v-56c0-4.4 3.6-8 8-8h314v-76c0-6.7 7.8-10.5 13-6.3l141.9 112a8 8 0 0 1 0 12.6l-141.9 112c-5.2 4.1-13 .4-13-6.3z"
              />
            </svg>
          </span>
          Login
        </button>
      </div>
    </div>
  </div>
</div>
`;
